Microchip MPLAB XC8 Compiler V2.50

Linker command line:

-W-3 --edf=/opt/microchip/xc8/v2.50/pic/dat/20240725155939_en.msgs -cn \
  -h+dist/default/debug/88fBLINK.X.debug.sym \
  --cmf=dist/default/debug/88fBLINK.X.debug.cmf -z -Q16F88 \
  -o/tmp/xcXfgFeLF/driver_tmp_3.o --defsym=__MPLAB_BUILD=1 \
  --fixupoverflow=error -Mdist/default/debug/88fBLINK.X.debug.map \
  --md=/tmp/xcXfgFeLF/driver_tmp_0.dat -E1 -ver=XC8 Compiler --acfsm=1493 \
  -ACODE=00h-07FFh,0800h-0EFFh -ASTRCODE=00h-0EFFh -ASTRING=00h-0FFhx15 \
  -ACONST=00h-0FFhx15 -AENTRY=00h-0FFhx15 -ACOMMON=071h-07Fh \
  -ABANK0=020h-06Fh -ABANK1=0A0h-0EFh -ABANK2=0110h-016Fh \
  -ABANK3=0190h-01E6h -ARAM=020h-06Fh,0A0h-0EFh,0110h-016Fh,0190h-01E6h \
  -AABS1=020h-07Fh,0A0h-0EFh,0110h-016Fh,0190h-01EFh -ASFR0=00h-01Fh \
  -ASFR1=080h-09Fh -ASFR2=0100h-010Fh -ASFR3=0180h-018Fh \
  -ACONFIG=02007h-02008h -DCONFIG=2 -AIDLOC=02000h-02003h -DIDLOC=2 \
  -AEEDATA=00h-0FFh/02100h -peeprom_data=EEDATA -DEEDATA=2 -DCODE=2 \
  -DSTRCODE=2 -DSTRING=2 -DCONST=2 -DENTRY=2 \
  -preset_vec=00h,intentry=04h,sivt,init,end_init -ppowerup=CODE \
  -pcinit=CODE -pfunctab=ENTRY -k /tmp/xcXfgFeLF/driver_tmp_12.o \
  dist/default/debug/88fBLINK.X.debug.o 

Object code version is 3.11

Machine type is 16F88



                Name                               Link     Load   Length Selector   Space Scale
/tmp/xcXfgFeLF/driver_tmp_12.o
                end_init                              B        B        2        8       0
                reset_vec                             0        0        3        0       0
                config                             2007     2007        2        0       4
dist/default/debug/88fBLINK.X.debug.o
                cinit                                 D        D        5        8       0
                intentry                              4        4        7        8       0
                config                             2007     2007        2        0       4
                text4                                7E       7E       16        8       0
                text3                                94       94       12        8       0
                text2                                A6       A6        D        8       0
                text1                                12       12       56        8       0
                maintext                             68       68       16        8       0
                cstackCOMMON                         71       71        9       71       1
                bssCOMMON                            7A       7A        2       71       1
                strings                              B3       B3        8      166       0

TOTAL           Name                               Link     Load   Length     Space
        CLASS   CODE           
                end_init                              B        B        2         0
                cinit                                 D        D        5         0
                intentry                              4        4        7         0
                reset_vec                             0        0        3         0
                text4                                7E       7E       16         0
                text3                                94       94       12         0
                text2                                A6       A6        D         0
                text1                                12       12       56         0
                maintext                             68       68       16         0

        CLASS   STRCODE        

        CLASS   STRING         
                strings                              B3       B3        8         0

        CLASS   CONST          

        CLASS   ENTRY          

        CLASS   COMMON         
                cstackCOMMON                         71       71        9         1
                bssCOMMON                            7A       7A        2         1

        CLASS   BANK0          

        CLASS   BANK1          

        CLASS   BANK2          

        CLASS   BANK3          

        CLASS   RAM            

        CLASS   ABS1           
                abs_s1                               7E       7E        2         1

        CLASS   SFR0           

        CLASS   SFR1           

        CLASS   SFR2           

        CLASS   SFR3           

        CLASS   CONFIG         
                config                             2007     2007        2         4

        CLASS   IDLOC          

        CLASS   EEDATA         

        CLASS   HEAP           

        CLASS   STACK          



SEGMENTS        Name                           Load    Length   Top    Selector   Space  Class     Delta

                reset_vec                      000000  000003  000003         0       0  CODE        2
                strings                        0000B3  000008  0000BB       166       0  STRING      2
                intentry                       000004  0000AF  0000B3         8       0  CODE        2
                cstackCOMMON                   000071  00000B  00007C        71       1  COMMON      1


UNUSED ADDRESS RANGES

        Name                Unused          Largest block    Delta
        BANK0            0020-006F             50           1
        BANK1            00A0-00EF             50           1
        BANK2            0110-016F             60           1
        BANK3            0190-01E6             57           1
        CODE             0003-0003              1           2
                         00BB-0EFF            745
        COMMON           007C-007D              2           1
        CONST            0003-0003              1           2
                         00BB-0EFF            100
        EEDATA           2100-21FF            100           2
        ENTRY            0003-0003              1           2
                         00BB-0EFF            100
        IDLOC            2000-2003              4           2
        RAM              0020-006F             50           1
                         00A0-00EF             50
                         0110-016F             60
                         0190-01E6             57
        SFR0             0000-001F             20           1
        SFR1             0080-009F             20           1
        SFR2             0100-010F             10           1
        SFR3             0180-018F             10           1
        STRCODE          0003-0003              1           2
                         00BB-0EFF            E45
        STRING           0003-0003              1           2
                         00BB-0EFF            100

                                  Symbol Table

_ANSEL                       (abs)        009B
_CMCON                       (abs)        009C
_INTCONbits                  (abs)        000B
_ISR                         text4        007E
_OPTION_REGbits              (abs)        0081
_OSCCON                      (abs)        008F
_OSCTUNE                     (abs)        0090
_PORTB                       (abs)        0006
_TMR0                        (abs)        0001
_TRISB                       (abs)        0086
__H__absolute__              __absolute__ 0000
__Habs1                      abs1         0000
__Hbank0                     bank0        0000
__Hbank1                     bank1        0000
__Hbank2                     bank2        0000
__Hbank3                     bank3        0000
__HbssCOMMON                 bssCOMMON    0000
__Hcinit                     cinit        0012
__Hclrtext                   clrtext      0000
__Hcode                      code         0000
__Hcommon                    common       0000
__Hconfig                    config       2009
__HcstackCOMMON              cstackCOMMON 0000
__Heeprom_data               eeprom_data  0000
__Hend_init                  end_init     000D
__Hfunctab                   functab      0000
__Hheap                      heap         0000
__Hinit                      init         000B
__Hintentry                  intentry     000B
__Hmaintext                  maintext     0000
__Hpowerup                   powerup      0000
__Hram                       ram          0000
__Hreset_vec                 reset_vec    0003
__Hsfr0                      sfr0         0000
__Hsfr1                      sfr1         0000
__Hsfr2                      sfr2         0000
__Hsfr3                      sfr3         0000
__Hsivt                      sivt         000B
__Hspace_0                   (abs)        00BB
__Hspace_1                   (abs)        007C
__Hspace_2                   (abs)        0000
__Hspace_3                   (abs)        0000
__Hspace_4                   (abs)        4010
__Hstack                     stack        0000
__Hstrings                   strings      0000
__Htext                      text         0000
__L__absolute__              __absolute__ 0000
__Labs1                      abs1         0000
__Lbank0                     bank0        0000
__Lbank1                     bank1        0000
__Lbank2                     bank2        0000
__Lbank3                     bank3        0000
__LbssCOMMON                 bssCOMMON    0000
__Lcinit                     cinit        000D
__Lclrtext                   clrtext      0000
__Lcode                      code         0000
__Lcommon                    common       0000
__Lconfig                    config       0000
__LcstackCOMMON              cstackCOMMON 0000
__Leeprom_data               eeprom_data  0000
__Lend_init                  end_init     000B
__Lfunctab                   functab      0000
__Lheap                      heap         0000
__Linit                      init         000B
__Lintentry                  intentry     0004
__Lmaintext                  maintext     0000
__Lpowerup                   powerup      0000
__Lram                       ram          0000
__Lreset_vec                 reset_vec    0000
__Lsfr0                      sfr0         0000
__Lsfr1                      sfr1         0000
__Lsfr2                      sfr2         0000
__Lsfr3                      sfr3         0000
__Lsivt                      sivt         000B
__Lspace_0                   (abs)        0000
__Lspace_1                   (abs)        0000
__Lspace_2                   (abs)        0000
__Lspace_3                   (abs)        0000
__Lspace_4                   (abs)        0000
__Lstack                     stack        0000
__Lstrings                   strings      0000
__Ltext                      text         0000
__S0                         (abs)        00BB
__S1                         (abs)        007C
__S3                         (abs)        0000
___heap_hi                   (abs)        0000
___heap_lo                   (abs)        0000
___int_sp                    stack        0000
___int_stack_hi              stack        0000
___int_stack_lo              stack        0000
___latbits                   (abs)        0001
___sp                        stack        0000
___stack_hi                  stack        0000
___stack_lo                  stack        0000
___stackhi                   (abs)        0000
___stacklo                   (abs)        0000
__end_of_ISR                 text4        0094
__end_of__initialization     cinit        000F
__end_of__stringtab          strings      00B9
__end_of_delay_ms            text2        00B3
__end_of_init_timer0         text3        00A6
__end_of_main                maintext     007E
__end_of_scan_portb_pins     text1        0068
__end_ofmain@delay           strings      00BB
__initialization             cinit        000D
__pbssCOMMON                 bssCOMMON    007A
__pcstackCOMMON              cstackCOMMON 0071
__pintentry                  intentry     0004
__pmaintext                  maintext     0068
__pstrings                   strings      00B3
__ptext1                     text1        0012
__ptext2                     text2        00A6
__ptext3                     text3        0094
__ptext4                     text4        007E
__stringbase                 strings      00B8
__stringtab                  strings      00B3
_delay_counter               bssCOMMON    007A
_delay_ms                    text2        00A6
_init_timer0                 text3        0094
_main                        maintext     0068
_scan_portb_pins             text1        0012
btemp                        (abs)        007E
delay_ms@ms                  cstackCOMMON 0073
end_of_initialization        cinit        000F
interrupt_function           intentry     0004
intlevel0                    functab      0000
intlevel1                    functab      0000
intlevel2                    functab      0000
intlevel3                    functab      0000
intlevel4                    functab      0000
intlevel5                    functab      0000
reset_vec                    reset_vec    0000
saved_w                      (abs)        007E
scan_portb_pins@delay_ms_val cstackCOMMON 0075
scan_portb_pins@i            cstackCOMMON 0078
start                        init         000B
start_initialization         cinit        000D
wtemp0                       (abs)        007E


MODULE INFORMATION

Module		Function		Class		Link	Load	Size
./port_scan.h
		_ISR           		CODE           	007E	0000	22
		_init_timer0   		CODE           	0094	0000	18
		_delay_ms      		CODE           	00A6	0000	13
		_scan_portb_pins		CODE           	0012	0000	86

./port_scan.h estimated size: 139

blinkF88.c
		_main          		CODE           	0068	0000	22

blinkF88.c estimated size: 22

shared
		__stringtab    		STRING         	00B3	0000	6
		__initialization		CODE           	000D	0000	2
		main@delay     		STRING         	0000	0000	0

shared estimated size: 8

